# 05_sports  |  YugabyteDB Aeon  |  2026-10-06T10:29:12  |  237s  |  codigo 0
 setval 
--------
      1
(1 fila)

 setval 
--------
     75
(1 fila)

 setval 
--------
     29
(1 fila)

 setval 
--------
    293
(1 fila)

 setval 
--------
    179
(1 fila)

 setval 
--------
    751
(1 fila)

 setval 
--------
     36
(1 fila)

 setval 
--------
    249
(1 fila)

 setval 
--------
    121
(1 fila)

 setval 
--------
     36
(1 fila)

 setval 
--------
    301
(1 fila)

 setval 
--------
     36
(1 fila)

 setval 
--------
    175
(1 fila)

 setval 
--------
     77
(1 fila)

 setval 
--------
    842
(1 fila)

 setval 
--------
    142
(1 fila)

 setval 
--------
      1
(1 fila)

 setval 
--------
      1
(1 fila)

 setval 
--------
     17
(1 fila)

 setval 
--------
      1
(1 fila)

 setval 
--------
      1
(1 fila)

 setval 
--------
      1
(1 fila)

 setval 
--------
   1724
(1 fila)

 setval 
--------
     17
(1 fila)

 setval 
--------
   1724
(1 fila)

 setval 
--------
    852
(1 fila)

 setval 
--------
    164
(1 fila)

 setval 
--------
      1
(1 fila)

 setval 
--------
    164
(1 fila)

 setval 
--------
    164
(1 fila)

 setval 
--------
      1
(1 fila)

 setval 
--------
      1
(1 fila)

 setval 
--------
   2588
(1 fila)

 setval 
--------
      1
(1 fila)

 setval 
--------
   3958
(1 fila)

 setval 
--------
      6
(1 fila)

 setval 
--------
    414
(1 fila)

 setval 
--------
   7915
(1 fila)

 setval 
--------
     12
(1 fila)

 setval 
--------
      1
(1 fila)

 setval 
--------
      1
(1 fila)

 setval 
--------
    414
(1 fila)

 setval 
--------
      1
(1 fila)

 setval 
--------
   4350
(1 fila)

 setval 
--------
    199
(1 fila)

 setval 
--------
     51
(1 fila)

 setval 
--------
     94
(1 fila)

 setval 
--------
     51
(1 fila)

 setval 
--------
   1112
(1 fila)

 setval 
--------
   1072
(1 fila)

 setval 
--------
    771
(1 fila)

 setval 
--------
      1
(1 fila)

 setval 
--------
      1
(1 fila)

 setval 
--------
    295
(1 fila)

 setval 
--------
      1
(1 fila)

 setval 
--------
      1
(1 fila)

 setval 
--------
      1
(1 fila)

 setval 
--------
      1
(1 fila)

 setval 
--------
      1
(1 fila)

 setval 
--------
      1
(1 fila)

 setval 
--------
      1
(1 fila)

 setval 
--------
      1
(1 fila)

 setval 
--------
      1
(1 fila)

 setval 
--------
   8700
(1 fila)

 setval 
--------
    548
(1 fila)

 setval 
--------
   4002
(1 fila)

 setval 
--------
      1
(1 fila)

 setval 
--------
   3937
(1 fila)

 setval 
--------
     73
(1 fila)

 setval 
--------
      1
(1 fila)

 setval 
--------
      1
(1 fila)

 setval 
--------
      4
(1 fila)

 setval 
--------
      1
(1 fila)

 setval 
--------
      1
(1 fila)

 setval 
--------
      1
(1 fila)

 setval 
--------
      1
(1 fila)

 setval 
--------
      1
(1 fila)

 setval 
--------
      1
(1 fila)

 setval 
--------
      1
(1 fila)

 setval 
--------
  12211
(1 fila)

 setval 
--------
      1
(1 fila)

 setval 
--------
      4
(1 fila)

 setval 
--------
     36
(1 fila)

 setval 
--------
    368
(1 fila)

 setval 
--------
    128
(1 fila)

 setval 
--------
      1
(1 fila)

 setval 
--------
      1
(1 fila)

 setval 
--------
      1
(1 fila)

 setval 
--------
      1
(1 fila)

 setval 
--------
      1
(1 fila)

 setval 
--------
      1
(1 fila)

 setval 
--------
      1
(1 fila)

 setval 
--------
      1
(1 fila)

 setval 
--------
      1
(1 fila)

 setval 
--------
      1
(1 fila)

 setval 
--------
      1
(1 fila)

                 tabla                 | filas 
---------------------------------------+-------
 addresses                             |     0
 affiliation_phases                    |    55
 affiliations                          |    29
 affiliations_documents                |  1234
 affiliations_events                   | 13052
 affiliations_media                    |     0
 american_football_action_participants |   213
 american_football_action_plays        |   179
 american_football_defensive_stats     |   570
 american_football_down_progress_stats |    26
 american_football_event_states        |   193
 american_football_fumbles_stats       |    91
 american_football_offensive_stats     |    26
 american_football_passing_stats       |   227
 american_football_penalties_stats     |    26
 american_football_rushing_stats       |   124
 american_football_sacks_against_stats |    56
 american_football_scoring_stats       |   640
 american_football_special_teams_stats |   110
 baseball_action_contact_details       |     0
 baseball_action_pitches               |     0
 baseball_action_plays                 |    17
 baseball_action_substitutions         |     0
 baseball_defensive_group              |     0
 baseball_defensive_players            |     0
 baseball_defensive_stats              |  1528
 baseball_event_states                 |    17
 baseball_offensive_stats              |  1528
 baseball_pitching_stats               |   752
 basketball_defensive_stats            |   128
 basketball_event_states               |     0
 basketball_offensive_stats            |   128
 basketball_rebounding_stats           |   128
 basketball_team_stats                 |     0
 bookmakers                            |     0
 core_person_stats                     |  1582
 core_stats                            |     0
 db_info                               |     0
 display_names                         |  3958
 document_classes                      |     6
 document_contents                     |   414
 document_fixtures                     |    12
 document_fixtures_events              |  4428
 document_package_entry                |     0
 document_packages                     |     0
 documents                             |   414
 documents_media                       |     0
 events                                |  4350
 events_documents                      |  7915
 events_media                          |     0
 events_sub_seasons                    |  4350
 ice_hockey_action_participants        |   138
 ice_hockey_action_plays               |    51
 ice_hockey_defensive_stats            |    46
 ice_hockey_event_states               |    51
 ice_hockey_offensive_stats            |   839
 ice_hockey_player_stats               |   817
 injury_phases                         |   771
 key_aliases                           |     0
 key_roots                             |     0
 latest_revisions                      |   295
 locations                             |     0
 media                                 |     0
 media_captions                        |     0
 media_contents                        |     0
 media_keywords                        |     0
 motor_racing_event_states             |     0
 motor_racing_qualifying_stats         |     0
 motor_racing_race_stats               |     0
 outcome_totals                        |     0
 participants_events                   |  8700
 periods                               |   548
 person_event_metadata                 |  4002
 person_phases                         |     0
 persons                               |  3937
 persons_documents                     |     0
 persons_media                         |     0
 positions                             |    73
 publishers                            |     1
 roles                                 |     0
 seasons                               |     4
 sites                                 |     0
 soccer_defensive_stats                |     0
 soccer_event_states                   |     0
 soccer_foul_stats                     |     0
 soccer_offensive_stats                |     0
 standing_subgroups                    |     0
 standings                             |     0
 stats                                 |  9398
 sub_periods                           |     0
 sub_seasons                           |     4
 team_american_football_stats          |    26
 team_phases                           |   368
 teams                                 |   128
 teams_documents                       |   435
 teams_media                           |     0
 tennis_action_points                  |     0
 tennis_action_volleys                 |     0
 tennis_event_states                   |     0
 tennis_return_stats                   |     0
 tennis_service_stats                  |     0
 wagering_moneylines                   |     0
 wagering_odds_lines                   |     0
 wagering_runlines                     |     0
 wagering_straight_spread_lines        |     0
 wagering_total_score_lines            |     0
 weather_conditions                    |     0
(107 filas)

