# pruebas_restricciones_postgres  |  YugabyteDB Aeon  |  2026-10-06T10:25:03  |  4.1s  |  codigo 0
psql:C:/BaseDeDatos/tarea-5x5/verificacion/pruebas_restricciones_postgres.sql:13: ERROR:  new row for relation "estudiantes" violates check constraint "ck_estudiantes_casa"
DETALLE:  Failing row contains (99, Ginny Weasley, Grifindor).
psql:C:/BaseDeDatos/tarea-5x5/verificacion/pruebas_restricciones_postgres.sql:15: ERROR:  new row for relation "inscripciones" violates check constraint "ck_inscripciones_nota"
DETALLE:  Failing row contains (1, 103, Z).
psql:C:/BaseDeDatos/tarea-5x5/verificacion/pruebas_restricciones_postgres.sql:17: ERROR:  duplicate key value violates unique constraint "inscripciones_pkey"
psql:C:/BaseDeDatos/tarea-5x5/verificacion/pruebas_restricciones_postgres.sql:19: ERROR:  insert or update on table "cursos" violates foreign key constraint "fk_cursos_profesor"
DETALLE:  Key (profesor_id)=(99) is not present in table "profesores".
psql:C:/BaseDeDatos/tarea-5x5/verificacion/pruebas_restricciones_postgres.sql:21: ERROR:  duplicate key value violates unique constraint "profesores_nombre_key"
psql:C:/BaseDeDatos/tarea-5x5/verificacion/pruebas_restricciones_postgres.sql:23: ERROR:  update or delete on table "profesores" violates foreign key constraint "fk_cursos_profesor" on table "cursos"
DETALLE:  Key (profesor_id)=(1) is still referenced from table "cursos".
psql:C:/BaseDeDatos/tarea-5x5/verificacion/pruebas_restricciones_postgres.sql:25: ERROR:  null value in column "profesor_id" of relation "cursos" violates not-null constraint
DETALLE:  Failing row contains (198, Muggle Studies, null).
psql:C:/BaseDeDatos/tarea-5x5/verificacion/pruebas_restricciones_postgres.sql:36: ERROR:  new row for relation "sailors" violates check constraint "ck_sailors_rating"
DETALLE:  Failing row contains (99, Popeye, 11, 40.0).
psql:C:/BaseDeDatos/tarea-5x5/verificacion/pruebas_restricciones_postgres.sql:38: ERROR:  new row for relation "sailors" violates check constraint "ck_sailors_age"
DETALLE:  Failing row contains (98, Bluto, 5, -3.0).
psql:C:/BaseDeDatos/tarea-5x5/verificacion/pruebas_restricciones_postgres.sql:40: ERROR:  duplicate key value violates unique constraint "reserves_pkey"
psql:C:/BaseDeDatos/tarea-5x5/verificacion/pruebas_restricciones_postgres.sql:42: ERROR:  insert or update on table "reserves" violates foreign key constraint "fk_reserves_sailor"
DETALLE:  Key (sid)=(99) is not present in table "sailors".
psql:C:/BaseDeDatos/tarea-5x5/verificacion/pruebas_restricciones_postgres.sql:44: ERROR:  insert or update on table "reserves" violates foreign key constraint "fk_reserves_boat"
DETALLE:  Key (bid)=(999) is not present in table "boats".
--- harrypotter ---
     tabla     | filas 
---------------+-------
 estudiantes   |     8
 profesores    |     6
 cursos        |     5
 inscripciones |    16
(4 filas)

--- marineros ---
  tabla   | filas 
----------+-------
 sailors  |    10
 boats    |     4
 reserves |    11
(3 filas)

