# 01_harrypotter  |  MySQL local  |  2026-10-06T07:53:24  |  1s  |  codigo 0
+---------------+-------+
| tabla         | filas |
+---------------+-------+
| estudiantes   |     8 |
| profesores    |     6 |
| cursos        |     5 |
| inscripciones |    16 |
+---------------+-------+
+--------------------+------------+-------------------------------+--------------------+------+
| estudiante         | casa       | curso                         | profesor           | nota |
+--------------------+------------+-------------------------------+--------------------+------+
| Harry Potter       | Gryffindor | Potions                       | Severus Snape      | A    |
| Harry Potter       | Gryffindor | Defense Against the Dark Arts | Remus Lupin        | E    |
| Hermione Granger   | Gryffindor | Potions                       | Severus Snape      | O    |
| Hermione Granger   | Gryffindor | Herbology                     | Pomona Sprout      | O    |
| Hermione Granger   | Gryffindor | Transfiguration               | Minerva McGonagall | O    |
| Draco Malfoy       | Slytherin  | Potions                       | Severus Snape      | E    |
| Draco Malfoy       | Slytherin  | Defense Against the Dark Arts | Remus Lupin        | A    |
| Draco Malfoy       | Slytherin  | Transfiguration               | Minerva McGonagall | E    |
| Ron Weasley        | Gryffindor | Potions                       | Severus Snape      | P    |
| Ron Weasley        | Gryffindor | Transfiguration               | Minerva McGonagall | A    |
| Luna Lovegood      | Ravenclaw  | Herbology                     | Pomona Sprout      | E    |
| Luna Lovegood      | Ravenclaw  | Charms                        | Filius Flitwick    | NULL |
| Cedric Diggory     | Hufflepuff | Herbology                     | Pomona Sprout      | O    |
| Neville Longbottom | Gryffindor | Potions                       | Severus Snape      | T    |
| Neville Longbottom | Gryffindor | Herbology                     | Pomona Sprout      | O    |
| Cho Chang          | Ravenclaw  | Charms                        | Filius Flitwick    | E    |
+--------------------+------------+-------------------------------+--------------------+------+
+--------------------+
| profesor_sin_curso |
+--------------------+
| Sybill Trelawney   |
+--------------------+
mysql: [Warning] Using a password on the command line interface can be insecure.
